// Jest Snapshot v1, https://goo.gl/fbAQLP

exports[`snapshot testing snapshot for Rockets component 1`] = `
<div
  className="rockets-container"
/>
`;
